
===========================================================================
report_checks -path_delay min (Hold)
============================================================================
Startpoint: rst (input port clocked by clk)
Endpoint: _535_ (removal check against rising-edge clock clk)
Path Group: **async_default**
Path Type: min

Fanout     Cap    Slew   Delay    Time   Description
-----------------------------------------------------------------------------
                  0.15    0.00    0.00   clock clk (rise edge)
                          0.00    0.00   clock network delay (ideal)
                          2.00    2.00 v input external delay
                  0.02    0.02    2.02 v rst (in)
     4    0.01                           rst (net)
                  0.02    0.00    2.02 v _396_/A (sky130_fd_sc_hd__buf_1)
                  0.12    0.14    2.16 v _396_/X (sky130_fd_sc_hd__buf_1)
     5    0.02                           _207_ (net)
                  0.12    0.01    2.16 v _471_/A (sky130_fd_sc_hd__inv_2)
                  0.04    0.07    2.23 ^ _471_/Y (sky130_fd_sc_hd__inv_2)
     1    0.00                           _093_ (net)
                  0.05    0.01    2.24 ^ _535_/RESET_B (sky130_fd_sc_hd__dfrtp_2)
                                  2.24   data arrival time

                  0.15    0.00    0.00   clock clk (rise edge)
                          0.00    0.00   clock network delay (ideal)
                          0.25    0.25   clock uncertainty
                          0.00    0.25   clock reconvergence pessimism
                                  0.25 ^ _535_/CLK (sky130_fd_sc_hd__dfrtp_2)
                          0.35    0.60   library removal time
                                  0.60   data required time
-----------------------------------------------------------------------------
                                  0.60   data required time
                                 -2.24   data arrival time
-----------------------------------------------------------------------------
                                  1.64   slack (MET)


Startpoint: rst (input port clocked by clk)
Endpoint: _536_ (removal check against rising-edge clock clk)
Path Group: **async_default**
Path Type: min

Fanout     Cap    Slew   Delay    Time   Description
-----------------------------------------------------------------------------
                  0.15    0.00    0.00   clock clk (rise edge)
                          0.00    0.00   clock network delay (ideal)
                          2.00    2.00 v input external delay
                  0.02    0.02    2.02 v rst (in)
     4    0.01                           rst (net)
                  0.02    0.00    2.02 v _396_/A (sky130_fd_sc_hd__buf_1)
                  0.12    0.14    2.16 v _396_/X (sky130_fd_sc_hd__buf_1)
     5    0.02                           _207_ (net)
                  0.12    0.01    2.16 v _472_/A (sky130_fd_sc_hd__inv_2)
                  0.04    0.07    2.23 ^ _472_/Y (sky130_fd_sc_hd__inv_2)
     1    0.00                           _094_ (net)
                  0.05    0.01    2.24 ^ _536_/RESET_B (sky130_fd_sc_hd__dfrtp_2)
                                  2.24   data arrival time

                  0.15    0.00    0.00   clock clk (rise edge)
                          0.00    0.00   clock network delay (ideal)
                          0.25    0.25   clock uncertainty
                          0.00    0.25   clock reconvergence pessimism
                                  0.25 ^ _536_/CLK (sky130_fd_sc_hd__dfrtp_2)
                          0.35    0.60   library removal time
                                  0.60   data required time
-----------------------------------------------------------------------------
                                  0.60   data required time
                                 -2.24   data arrival time
-----------------------------------------------------------------------------
                                  1.64   slack (MET)


Startpoint: rst (input port clocked by clk)
Endpoint: _537_ (removal check against rising-edge clock clk)
Path Group: **async_default**
Path Type: min

Fanout     Cap    Slew   Delay    Time   Description
-----------------------------------------------------------------------------
                  0.15    0.00    0.00   clock clk (rise edge)
                          0.00    0.00   clock network delay (ideal)
                          2.00    2.00 v input external delay
                  0.02    0.02    2.02 v rst (in)
     4    0.01                           rst (net)
                  0.02    0.00    2.02 v _396_/A (sky130_fd_sc_hd__buf_1)
                  0.12    0.14    2.16 v _396_/X (sky130_fd_sc_hd__buf_1)
     5    0.02                           _207_ (net)
                  0.12    0.01    2.16 v _473_/A (sky130_fd_sc_hd__inv_2)
                  0.04    0.07    2.23 ^ _473_/Y (sky130_fd_sc_hd__inv_2)
     1    0.00                           _095_ (net)
                  0.05    0.01    2.24 ^ _537_/RESET_B (sky130_fd_sc_hd__dfrtp_2)
                                  2.24   data arrival time

                  0.15    0.00    0.00   clock clk (rise edge)
                          0.00    0.00   clock network delay (ideal)
                          0.25    0.25   clock uncertainty
                          0.00    0.25   clock reconvergence pessimism
                                  0.25 ^ _537_/CLK (sky130_fd_sc_hd__dfrtp_2)
                          0.35    0.60   library removal time
                                  0.60   data required time
-----------------------------------------------------------------------------
                                  0.60   data required time
                                 -2.24   data arrival time
-----------------------------------------------------------------------------
                                  1.64   slack (MET)


Startpoint: rst (input port clocked by clk)
Endpoint: _538_ (removal check against rising-edge clock clk)
Path Group: **async_default**
Path Type: min

Fanout     Cap    Slew   Delay    Time   Description
-----------------------------------------------------------------------------
                  0.15    0.00    0.00   clock clk (rise edge)
                          0.00    0.00   clock network delay (ideal)
                          2.00    2.00 v input external delay
                  0.02    0.02    2.02 v rst (in)
     4    0.01                           rst (net)
                  0.02    0.00    2.02 v _396_/A (sky130_fd_sc_hd__buf_1)
                  0.12    0.14    2.16 v _396_/X (sky130_fd_sc_hd__buf_1)
     5    0.02                           _207_ (net)
                  0.12    0.01    2.16 v _474_/A (sky130_fd_sc_hd__inv_2)
                  0.04    0.07    2.23 ^ _474_/Y (sky130_fd_sc_hd__inv_2)
     1    0.00                           _096_ (net)
                  0.05    0.01    2.24 ^ _538_/RESET_B (sky130_fd_sc_hd__dfrtp_2)
                                  2.24   data arrival time

                  0.15    0.00    0.00   clock clk (rise edge)
                          0.00    0.00   clock network delay (ideal)
                          0.25    0.25   clock uncertainty
                          0.00    0.25   clock reconvergence pessimism
                                  0.25 ^ _538_/CLK (sky130_fd_sc_hd__dfrtp_2)
                          0.35    0.60   library removal time
                                  0.60   data required time
-----------------------------------------------------------------------------
                                  0.60   data required time
                                 -2.24   data arrival time
-----------------------------------------------------------------------------
                                  1.64   slack (MET)


Startpoint: rst (input port clocked by clk)
Endpoint: _530_ (removal check against rising-edge clock clk)
Path Group: **async_default**
Path Type: min

Fanout     Cap    Slew   Delay    Time   Description
-----------------------------------------------------------------------------
                  0.15    0.00    0.00   clock clk (rise edge)
                          0.00    0.00   clock network delay (ideal)
                          2.00    2.00 v input external delay
                  0.02    0.02    2.02 v rst (in)
     4    0.01                           rst (net)
                  0.02    0.00    2.02 v _465_/A (sky130_fd_sc_hd__buf_1)
                  0.14    0.15    2.17 v _465_/X (sky130_fd_sc_hd__buf_1)
     5    0.02                           _221_ (net)
                  0.14    0.01    2.18 v _466_/A (sky130_fd_sc_hd__inv_2)
                  0.05    0.07    2.25 ^ _466_/Y (sky130_fd_sc_hd__inv_2)
     1    0.00                           _088_ (net)
                  0.05    0.01    2.25 ^ _530_/RESET_B (sky130_fd_sc_hd__dfrtp_2)
                                  2.25   data arrival time

                  0.15    0.00    0.00   clock clk (rise edge)
                          0.00    0.00   clock network delay (ideal)
                          0.25    0.25   clock uncertainty
                          0.00    0.25   clock reconvergence pessimism
                                  0.25 ^ _530_/CLK (sky130_fd_sc_hd__dfrtp_2)
                          0.35    0.60   library removal time
                                  0.60   data required time
-----------------------------------------------------------------------------
                                  0.60   data required time
                                 -2.25   data arrival time
-----------------------------------------------------------------------------
                                  1.65   slack (MET)


Startpoint: _477_ (rising edge-triggered flip-flop clocked by clk)
Endpoint: _477_ (rising edge-triggered flip-flop clocked by clk)
Path Group: clk
Path Type: min

Fanout     Cap    Slew   Delay    Time   Description
-----------------------------------------------------------------------------
                  0.15    0.00    0.00   clock clk (rise edge)
                          0.00    0.00   clock network delay (ideal)
                  0.15    0.00    0.00 ^ _477_/CLK (sky130_fd_sc_hd__dfrtp_2)
                  0.06    0.37    0.37 ^ _477_/Q (sky130_fd_sc_hd__dfrtp_2)
     2    0.01                           tcmp.z (net)
                  0.06    0.00    0.37 ^ _231_/B1 (sky130_fd_sc_hd__a21o_2)
                  0.03    0.08    0.46 ^ _231_/X (sky130_fd_sc_hd__a21o_2)
     2    0.00                           _032_ (net)
                  0.03    0.00    0.46 ^ _477_/D (sky130_fd_sc_hd__dfrtp_2)
                                  0.46   data arrival time

                  0.15    0.00    0.00   clock clk (rise edge)
                          0.00    0.00   clock network delay (ideal)
                          0.25    0.25   clock uncertainty
                          0.00    0.25   clock reconvergence pessimism
                                  0.25 ^ _477_/CLK (sky130_fd_sc_hd__dfrtp_2)
                         -0.02    0.23   library hold time
                                  0.23   data required time
-----------------------------------------------------------------------------
                                  0.23   data required time
                                 -0.46   data arrival time
-----------------------------------------------------------------------------
                                  0.23   slack (MET)


Startpoint: _538_ (rising edge-triggered flip-flop clocked by clk)
Endpoint: _536_ (rising edge-triggered flip-flop clocked by clk)
Path Group: clk
Path Type: min

Fanout     Cap    Slew   Delay    Time   Description
-----------------------------------------------------------------------------
                  0.15    0.00    0.00   clock clk (rise edge)
                          0.00    0.00   clock network delay (ideal)
                  0.15    0.00    0.00 ^ _538_/CLK (sky130_fd_sc_hd__dfrtp_2)
                  0.07    0.38    0.38 ^ _538_/Q (sky130_fd_sc_hd__dfrtp_2)
     2    0.01                           genblk1[29].csa.y (net)
                  0.08    0.01    0.39 ^ _386_/B (sky130_fd_sc_hd__xor2_2)
                  0.05    0.08    0.46 v _386_/X (sky130_fd_sc_hd__xor2_2)
     2    0.01                           _201_ (net)
                  0.05    0.01    0.47 v _390_/B (sky130_fd_sc_hd__xnor2_2)
                  0.03    0.10    0.57 ^ _390_/Y (sky130_fd_sc_hd__xnor2_2)
     1    0.00                           genblk1[29].csa.hsum2 (net)
                  0.03    0.00    0.58 ^ _536_/D (sky130_fd_sc_hd__dfrtp_2)
                                  0.58   data arrival time

                  0.15    0.00    0.00   clock clk (rise edge)
                          0.00    0.00   clock network delay (ideal)
                          0.25    0.25   clock uncertainty
                          0.00    0.25   clock reconvergence pessimism
                                  0.25 ^ _536_/CLK (sky130_fd_sc_hd__dfrtp_2)
                         -0.02    0.23   library hold time
                                  0.23   data required time
-----------------------------------------------------------------------------
                                  0.23   data required time
                                 -0.58   data arrival time
-----------------------------------------------------------------------------
                                  0.35   slack (MET)


Startpoint: _478_ (rising edge-triggered flip-flop clocked by clk)
Endpoint: _538_ (rising edge-triggered flip-flop clocked by clk)
Path Group: clk
Path Type: min

Fanout     Cap    Slew   Delay    Time   Description
-----------------------------------------------------------------------------
                  0.15    0.00    0.00   clock clk (rise edge)
                          0.00    0.00   clock network delay (ideal)
                  0.15    0.00    0.00 ^ _478_/CLK (sky130_fd_sc_hd__dfrtp_2)
                  0.07    0.38    0.38 ^ _478_/Q (sky130_fd_sc_hd__dfrtp_2)
     2    0.01                           genblk1[30].csa.y (net)
                  0.08    0.01    0.39 ^ _391_/B (sky130_fd_sc_hd__xor2_2)
                  0.05    0.08    0.46 v _391_/X (sky130_fd_sc_hd__xor2_2)
     2    0.01                           _204_ (net)
                  0.05    0.01    0.47 v _395_/B (sky130_fd_sc_hd__xnor2_2)
                  0.03    0.10    0.57 ^ _395_/Y (sky130_fd_sc_hd__xnor2_2)
     1    0.00                           genblk1[30].csa.hsum2 (net)
                  0.03    0.00    0.58 ^ _538_/D (sky130_fd_sc_hd__dfrtp_2)
                                  0.58   data arrival time

                  0.15    0.00    0.00   clock clk (rise edge)
                          0.00    0.00   clock network delay (ideal)
                          0.25    0.25   clock uncertainty
                          0.00    0.25   clock reconvergence pessimism
                                  0.25 ^ _538_/CLK (sky130_fd_sc_hd__dfrtp_2)
                         -0.02    0.23   library hold time
                                  0.23   data required time
-----------------------------------------------------------------------------
                                  0.23   data required time
                                 -0.58   data arrival time
-----------------------------------------------------------------------------
                                  0.35   slack (MET)


Startpoint: _480_ (rising edge-triggered flip-flop clocked by clk)
Endpoint: _476_ (rising edge-triggered flip-flop clocked by clk)
Path Group: clk
Path Type: min

Fanout     Cap    Slew   Delay    Time   Description
-----------------------------------------------------------------------------
                  0.15    0.00    0.00   clock clk (rise edge)
                          0.00    0.00   clock network delay (ideal)
                  0.15    0.00    0.00 ^ _480_/CLK (sky130_fd_sc_hd__dfrtp_2)
                  0.07    0.38    0.38 ^ _480_/Q (sky130_fd_sc_hd__dfrtp_2)
     2    0.01                           csa0.y (net)
                  0.08    0.01    0.39 ^ _224_/B (sky130_fd_sc_hd__xor2_2)
                  0.05    0.08    0.46 v _224_/X (sky130_fd_sc_hd__xor2_2)
     2    0.01                           _099_ (net)
                  0.05    0.01    0.47 v _230_/B (sky130_fd_sc_hd__xnor2_2)
                  0.03    0.10    0.57 ^ _230_/Y (sky130_fd_sc_hd__xnor2_2)
     1    0.00                           csa0.hsum2 (net)
                  0.03    0.00    0.58 ^ _476_/D (sky130_fd_sc_hd__dfrtp_2)
                                  0.58   data arrival time

                  0.15    0.00    0.00   clock clk (rise edge)
                          0.00    0.00   clock network delay (ideal)
                          0.25    0.25   clock uncertainty
                          0.00    0.25   clock reconvergence pessimism
                                  0.25 ^ _476_/CLK (sky130_fd_sc_hd__dfrtp_2)
                         -0.02    0.23   library hold time
                                  0.23   data required time
-----------------------------------------------------------------------------
                                  0.23   data required time
                                 -0.58   data arrival time
-----------------------------------------------------------------------------
                                  0.35   slack (MET)


Startpoint: _482_ (rising edge-triggered flip-flop clocked by clk)
Endpoint: _480_ (rising edge-triggered flip-flop clocked by clk)
Path Group: clk
Path Type: min

Fanout     Cap    Slew   Delay    Time   Description
-----------------------------------------------------------------------------
                  0.15    0.00    0.00   clock clk (rise edge)
                          0.00    0.00   clock network delay (ideal)
                  0.15    0.00    0.00 ^ _482_/CLK (sky130_fd_sc_hd__dfrtp_2)
                  0.07    0.38    0.38 ^ _482_/Q (sky130_fd_sc_hd__dfrtp_2)
     2    0.01                           genblk1[1].csa.y (net)
                  0.08    0.01    0.39 ^ _235_/B (sky130_fd_sc_hd__xor2_2)
                  0.05    0.08    0.46 v _235_/X (sky130_fd_sc_hd__xor2_2)
     2    0.01                           _106_ (net)
                  0.05    0.01    0.47 v _239_/B (sky130_fd_sc_hd__xnor2_2)
                  0.03    0.10    0.57 ^ _239_/Y (sky130_fd_sc_hd__xnor2_2)
     1    0.00                           genblk1[1].csa.hsum2 (net)
                  0.03    0.00    0.58 ^ _480_/D (sky130_fd_sc_hd__dfrtp_2)
                                  0.58   data arrival time

                  0.15    0.00    0.00   clock clk (rise edge)
                          0.00    0.00   clock network delay (ideal)
                          0.25    0.25   clock uncertainty
                          0.00    0.25   clock reconvergence pessimism
                                  0.25 ^ _480_/CLK (sky130_fd_sc_hd__dfrtp_2)
                         -0.02    0.23   library hold time
                                  0.23   data required time
-----------------------------------------------------------------------------
                                  0.23   data required time
                                 -0.58   data arrival time
-----------------------------------------------------------------------------
                                  0.35   slack (MET)


