
===========================================================================
report_checks -unconstrained
============================================================================
Startpoint: rst (input port clocked by clk)
Endpoint: _478_ (recovery check against rising-edge clock clk)
Path Group: **async_default**
Path Type: max

Fanout     Cap    Slew   Delay    Time   Description
-----------------------------------------------------------------------------
                          0.00    0.00   clock clk (rise edge)
                          0.00    0.00   clock network delay (propagated)
                          2.00    2.00 v input external delay
                  0.01    0.01    2.01 v rst (in)
     1    0.01                           rst (net)
                  0.01    0.00    2.01 v input1/A (sky130_fd_sc_hd__clkbuf_2)
                  0.08    0.14    2.15 v input1/X (sky130_fd_sc_hd__clkbuf_2)
     4    0.02                           net1 (net)
                  0.08    0.00    2.15 v _396_/A (sky130_fd_sc_hd__clkbuf_2)
                  0.10    0.19    2.35 v _396_/X (sky130_fd_sc_hd__clkbuf_2)
     5    0.03                           _207_ (net)
                  0.10    0.00    2.35 v _397_/A (sky130_fd_sc_hd__clkbuf_4)
                  0.10    0.23    2.58 v _397_/X (sky130_fd_sc_hd__clkbuf_4)
     5    0.04                           _208_ (net)
                  0.10    0.00    2.58 v _401_/A (sky130_fd_sc_hd__inv_2)
                  0.05    0.08    2.66 ^ _401_/Y (sky130_fd_sc_hd__inv_2)
     1    0.01                           _036_ (net)
                  0.05    0.00    2.66 ^ _478_/RESET_B (sky130_fd_sc_hd__dfrtp_1)
                                  2.66   data arrival time

                         10.00   10.00   clock clk (rise edge)
                          0.00   10.00   clock source latency
                  0.07    0.05   10.05 ^ clk (in)
     1    0.01                           clk (net)
                  0.07    0.00   10.05 ^ clkbuf_0_clk/A (sky130_fd_sc_hd__clkbuf_16)
                  0.03    0.12   10.17 ^ clkbuf_0_clk/X (sky130_fd_sc_hd__clkbuf_16)
     2    0.01                           clknet_0_clk (net)
                  0.03    0.00   10.17 ^ clkbuf_1_1_0_clk/A (sky130_fd_sc_hd__clkbuf_2)
                  0.07    0.11   10.28 ^ clkbuf_1_1_0_clk/X (sky130_fd_sc_hd__clkbuf_2)
     2    0.01                           clknet_1_1_0_clk (net)
                  0.07    0.00   10.28 ^ clkbuf_2_2_0_clk/A (sky130_fd_sc_hd__clkbuf_2)
                  0.04    0.11   10.38 ^ clkbuf_2_2_0_clk/X (sky130_fd_sc_hd__clkbuf_2)
     2    0.01                           clknet_2_2_0_clk (net)
                  0.04    0.00   10.38 ^ clkbuf_3_4_0_clk/A (sky130_fd_sc_hd__clkbuf_2)
                  0.17    0.18   10.57 ^ clkbuf_3_4_0_clk/X (sky130_fd_sc_hd__clkbuf_2)
     8    0.03                           clknet_3_4_0_clk (net)
                  0.17    0.00   10.57 ^ _478_/CLK (sky130_fd_sc_hd__dfrtp_1)
                         -0.25   10.32   clock uncertainty
                          0.00   10.32   clock reconvergence pessimism
                          0.27   10.58   library recovery time
                                 10.58   data required time
-----------------------------------------------------------------------------
                                 10.58   data required time
                                 -2.66   data arrival time
-----------------------------------------------------------------------------
                                  7.93   slack (MET)


Startpoint: _476_ (rising edge-triggered flip-flop clocked by clk)
Endpoint: p (output port clocked by clk)
Path Group: clk
Path Type: max

Fanout     Cap    Slew   Delay    Time   Description
-----------------------------------------------------------------------------
                          0.00    0.00   clock clk (rise edge)
                          0.00    0.00   clock source latency
                  0.07    0.05    0.05 ^ clk (in)
     1    0.01                           clk (net)
                  0.07    0.00    0.05 ^ clkbuf_0_clk/A (sky130_fd_sc_hd__clkbuf_16)
                  0.03    0.13    0.18 ^ clkbuf_0_clk/X (sky130_fd_sc_hd__clkbuf_16)
     2    0.01                           clknet_0_clk (net)
                  0.03    0.00    0.18 ^ clkbuf_1_0_0_clk/A (sky130_fd_sc_hd__clkbuf_2)
                  0.06    0.12    0.30 ^ clkbuf_1_0_0_clk/X (sky130_fd_sc_hd__clkbuf_2)
     2    0.01                           clknet_1_0_0_clk (net)
                  0.06    0.00    0.30 ^ clkbuf_2_0_0_clk/A (sky130_fd_sc_hd__clkbuf_2)
                  0.06    0.12    0.43 ^ clkbuf_2_0_0_clk/X (sky130_fd_sc_hd__clkbuf_2)
     2    0.01                           clknet_2_0_0_clk (net)
                  0.06    0.00    0.43 ^ clkbuf_3_0_0_clk/A (sky130_fd_sc_hd__clkbuf_2)
                  0.18    0.22    0.64 ^ clkbuf_3_0_0_clk/X (sky130_fd_sc_hd__clkbuf_2)
     9    0.03                           clknet_3_0_0_clk (net)
                  0.18    0.00    0.64 ^ _476_/CLK (sky130_fd_sc_hd__dfrtp_1)
                  0.04    0.42    1.07 v _476_/Q (sky130_fd_sc_hd__dfrtp_1)
     1    0.00                           net35 (net)
                  0.04    0.00    1.07 v output35/A (sky130_fd_sc_hd__buf_2)
                  0.09    0.19    1.26 v output35/X (sky130_fd_sc_hd__buf_2)
     1    0.03                           p (net)
                  0.09    0.00    1.26 v p (out)
                                  1.26   data arrival time

                         10.00   10.00   clock clk (rise edge)
                          0.00   10.00   clock network delay (propagated)
                         -0.25    9.75   clock uncertainty
                          0.00    9.75   clock reconvergence pessimism
                         -2.00    7.75   output external delay
                                  7.75   data required time
-----------------------------------------------------------------------------
                                  7.75   data required time
                                 -1.26   data arrival time
-----------------------------------------------------------------------------
                                  6.49   slack (MET)



===========================================================================
report_checks --slack_max -0.01
============================================================================
No paths found.
